id: id
date_account_created: skip
timestamp_first_active: date, %Y%m%d%H%M%S, dayofyear
date_first_booking: skip
gender: cat
age: range, 10, 80; bins, 5; cat
signup_method: cat
signup_flow: cat
language: cat
affiliate_channel: cat
affiliate_provider: cat
first_affiliate_tracked: cat
signup_app: cat
first_device_type: cat
first_browser: cat
country_destination: target
training data size: (1971, 346)
time: 2016-02-23 19:58:30.288265
arguments: ['/Library/Frameworks/Python.framework/Versions/3.5/bin/py.test']
         learner  acc_train_mean  acc_train_std  acc_val_mean  acc_val_std  logloss_train_mean  logloss_train_std  logloss_val_mean  logloss_val_std  ndcg_train_mean  ndcg_train_std  ndcg_val_mean  ndcg_val_std  dummy logreg     nn  scale session small submission  test   xgb  base_score  colsample_bylevel  colsample_bytree  gamma  learning_rate  max_delta_step  max_depth  min_child_weight missing  n_estimators  nthread        objective  reg_alpha  reg_lambda  scale_pos_weight  seed silent  subsample switched from intersection to union
0  XGBClassifier        0.771091            NaN      0.702899          NaN             -0.5518                NaN          -0.78931              NaN         0.910369             NaN       0.879929           NaN  False  False  False  False    True  True       True  True  True         0.5                  1               0.5      0            0.3               0          6                 1    None            25       -1  binary:logistic          0           1                 1     0   True        0.5                                True
