id: id
date_account_created: skip
timestamp_first_active: date, %Y%m%d%H%M%S, dayofyear
date_first_booking: skip
gender: cat
age: range, 10, 80; bins, 5; cat
signup_method: cat
signup_flow: cat
language: cat
affiliate_channel: cat
affiliate_provider: cat
first_affiliate_tracked: cat
signup_app: cat
first_device_type: cat
first_browser: cat
country_destination: target
training data size: (414, 271)
time: 2016-02-25 15:48:49.741298
arguments: ['/Library/Frameworks/Python.framework/Versions/3.5/bin/py.test']
         learner  acc_train_mean  acc_train_std  acc_val_mean  acc_val_std  logloss_train_mean  logloss_train_std  logloss_val_mean  logloss_val_std  ndcg_train_mean  ndcg_train_std  ndcg_val_mean  ndcg_val_std age_na            info_str input_folder learners   output_folder  scale session submission  base_score  colsample_bylevel  colsample_bytree  gamma  learning_rate  max_delta_step  max_depth  min_child_weight missing  n_estimators  nthread        objective  reg_alpha  reg_lambda  scale_pos_weight  seed silent  subsample switched from intersection to union
0  XGBClassifier        0.836207            NaN      0.606061          NaN           -0.499912                NaN         -1.284771              NaN           0.9324             NaN       0.801883           NaN   None  tests/info_str.txt       tests/    [xgb]  tests/outputs/  False    True       True         0.5                  1               0.5      0            0.3               0          6                 1    None            25       -1  binary:logistic          0           1                 1     0   True        0.5                                True
