id,country
00389675gq,NDF
00389675gq,US
00389675gq,other
00389675gq,FR
00389675gq,GB
02n8sodt3y,NDF
02n8sodt3y,US
02n8sodt3y,IT
02n8sodt3y,FR
02n8sodt3y,other
018hagx0ak,NDF
018hagx0ak,US
018hagx0ak,FR
018hagx0ak,GB
018hagx0ak,other
2zwa62u8ci,NDF
2zwa62u8ci,US
2zwa62u8ci,other
2zwa62u8ci,IT
2zwa62u8ci,FR
00gnokb79e,NDF
00gnokb79e,US
00gnokb79e,IT
00gnokb79e,FR
00gnokb79e,GB
01hfd5lsel,NDF
01hfd5lsel,US
01hfd5lsel,GB
01hfd5lsel,FR
01hfd5lsel,IT
02czjh08pf,NDF
02czjh08pf,US
02czjh08pf,IT
02czjh08pf,FR
02czjh08pf,GB
02fpbgovh4,US
02fpbgovh4,NDF
02fpbgovh4,IT
02fpbgovh4,FR
02fpbgovh4,other
02fijefank,NDF
02fijefank,US
02fijefank,GB
02fijefank,IT
02fijefank,FR
b9wym802xy,US
b9wym802xy,NDF
b9wym802xy,other
b9wym802xy,IT
b9wym802xy,FR
01154kld3t,NDF
01154kld3t,US
01154kld3t,IT
01154kld3t,FR
01154kld3t,GB
a94rb17vla,US
a94rb17vla,NDF
a94rb17vla,IT
a94rb17vla,other
a94rb17vla,FR
otjljz5hku,NDF
otjljz5hku,US
otjljz5hku,IT
otjljz5hku,other
otjljz5hku,FR
00pxs10250,NDF
00pxs10250,US
00pxs10250,FR
00pxs10250,IT
00pxs10250,other
00ljwkmboz,NDF
00ljwkmboz,US
00ljwkmboz,IT
00ljwkmboz,other
00ljwkmboz,GB
01z9aubobv,NDF
01z9aubobv,US
01z9aubobv,IT
01z9aubobv,FR
01z9aubobv,GB
025qxbsaog,US
025qxbsaog,NDF
025qxbsaog,IT
025qxbsaog,FR
025qxbsaog,GB
xs9c4zsmy1,US
xs9c4zsmy1,NDF
xs9c4zsmy1,other
xs9c4zsmy1,FR
xs9c4zsmy1,IT
00tkidvaw5,NDF
00tkidvaw5,US
00tkidvaw5,IT
00tkidvaw5,FR
00tkidvaw5,GB
0075z9e9xv,NDF
0075z9e9xv,US
0075z9e9xv,GB
0075z9e9xv,FR
0075z9e9xv,IT
x320et3ubu,NDF
x320et3ubu,US
x320et3ubu,other
x320et3ubu,FR
x320et3ubu,IT
5ygv6h2q3o,NDF
5ygv6h2q3o,FR
5ygv6h2q3o,US
5ygv6h2q3o,IT
5ygv6h2q3o,other
00kbbr6qom,NDF
00kbbr6qom,US
00kbbr6qom,IT
00kbbr6qom,FR
00kbbr6qom,GB
mtqhfnx06e,NDF
mtqhfnx06e,US
mtqhfnx06e,other
mtqhfnx06e,IT
mtqhfnx06e,FR
02fcjjq68w,NDF
02fcjjq68w,US
02fcjjq68w,IT
02fcjjq68w,FR
02fcjjq68w,GB
vldf8qg8qp,NDF
vldf8qg8qp,US
vldf8qg8qp,IT
vldf8qg8qp,other
vldf8qg8qp,FR
00rudms01g,US
00rudms01g,NDF
00rudms01g,IT
00rudms01g,FR
00rudms01g,other
8bum3oozpm,NDF
8bum3oozpm,US
8bum3oozpm,IT
8bum3oozpm,other
8bum3oozpm,FR
troc3takwn,NDF
troc3takwn,US
troc3takwn,other
troc3takwn,GB
troc3takwn,FR
02gffb0lmn,US
02gffb0lmn,NDF
02gffb0lmn,other
02gffb0lmn,GB
02gffb0lmn,FR
eatpppw05d,NDF
eatpppw05d,US
eatpppw05d,IT
eatpppw05d,other
eatpppw05d,FR
ds6crpxxjf,NDF
ds6crpxxjf,US
ds6crpxxjf,other
ds6crpxxjf,IT
ds6crpxxjf,FR
wqjpmodv8r,NDF
wqjpmodv8r,US
wqjpmodv8r,IT
wqjpmodv8r,other
wqjpmodv8r,FR
00guzlz8b8,NDF
00guzlz8b8,US
00guzlz8b8,IT
00guzlz8b8,FR
00guzlz8b8,GB
02p64iakjq,NDF
02p64iakjq,US
02p64iakjq,IT
02p64iakjq,FR
02p64iakjq,other
00jp2043rl,NDF
00jp2043rl,US
00jp2043rl,FR
00jp2043rl,other
00jp2043rl,GB
ieeasb6o4c,NDF
ieeasb6o4c,US
ieeasb6o4c,IT
ieeasb6o4c,other
ieeasb6o4c,GB
0028jgx1x1,NDF
0028jgx1x1,US
0028jgx1x1,IT
0028jgx1x1,FR
0028jgx1x1,GB
006mls2sjw,NDF
006mls2sjw,US
006mls2sjw,FR
006mls2sjw,other
006mls2sjw,IT
020ia9eujh,NDF
020ia9eujh,US
020ia9eujh,FR
020ia9eujh,GB
020ia9eujh,other
00smy0z227,NDF
00smy0z227,US
00smy0z227,IT
00smy0z227,FR
00smy0z227,GB
00j9fxfvut,NDF
00j9fxfvut,US
00j9fxfvut,IT
00j9fxfvut,FR
00j9fxfvut,GB
iydvqy81sl,US
iydvqy81sl,NDF
iydvqy81sl,other
iydvqy81sl,FR
iydvqy81sl,GB
afdtkbesf5,US
afdtkbesf5,NDF
afdtkbesf5,IT
afdtkbesf5,other
afdtkbesf5,FR
00allnceb8,NDF
00allnceb8,US
00allnceb8,IT
00allnceb8,FR
00allnceb8,GB
g5ertfp482,NDF
g5ertfp482,other
g5ertfp482,US
g5ertfp482,GB
g5ertfp482,IT
00mxgl4bmi,NDF
00mxgl4bmi,US
00mxgl4bmi,IT
00mxgl4bmi,FR
00mxgl4bmi,GB
01wx38ktej,NDF
01wx38ktej,US
01wx38ktej,FR
01wx38ktej,other
01wx38ktej,IT
0165xv7l4p,US
0165xv7l4p,NDF
0165xv7l4p,GB
0165xv7l4p,FR
0165xv7l4p,IT
a9jhbnldwb,NDF
a9jhbnldwb,US
a9jhbnldwb,IT
a9jhbnldwb,other
a9jhbnldwb,FR
01zb5k0yh2,NDF
01zb5k0yh2,US
01zb5k0yh2,IT
01zb5k0yh2,FR
01zb5k0yh2,GB
yt7t6rwzkt,US
yt7t6rwzkt,NDF
yt7t6rwzkt,other
yt7t6rwzkt,FR
yt7t6rwzkt,GB
00v0o06skl,NDF
00v0o06skl,US
00v0o06skl,FR
00v0o06skl,IT
00v0o06skl,GB
k03ixgo0ob,NDF
k03ixgo0ob,US
k03ixgo0ob,other
k03ixgo0ob,FR
k03ixgo0ob,IT
00hy2p1zsj,NDF
00hy2p1zsj,US
00hy2p1zsj,GB
00hy2p1zsj,other
00hy2p1zsj,IT
019chjonln,US
019chjonln,NDF
019chjonln,IT
019chjonln,other
019chjonln,FR
ptkmqi0pct,NDF
ptkmqi0pct,US
ptkmqi0pct,IT
ptkmqi0pct,GB
ptkmqi0pct,other
020t9l5tx8,NDF
020t9l5tx8,US
020t9l5tx8,IT
020t9l5tx8,FR
020t9l5tx8,GB
23guza6xrz,NDF
23guza6xrz,US
23guza6xrz,GB
23guza6xrz,FR
23guza6xrz,other
01v8snvai9,NDF
01v8snvai9,US
01v8snvai9,FR
01v8snvai9,GB
01v8snvai9,IT
00kc2e4bgp,NDF
00kc2e4bgp,US
00kc2e4bgp,FR
00kc2e4bgp,IT
00kc2e4bgp,other
01r1eo9sy4,NDF
01r1eo9sy4,US
01r1eo9sy4,IT
01r1eo9sy4,FR
01r1eo9sy4,other
5xspucxp9l,NDF
5xspucxp9l,US
5xspucxp9l,IT
5xspucxp9l,FR
5xspucxp9l,other
5xp55cp6c5,NDF
5xp55cp6c5,US
5xp55cp6c5,FR
5xp55cp6c5,IT
5xp55cp6c5,GB
m1br31xtcs,NDF
m1br31xtcs,US
m1br31xtcs,other
m1br31xtcs,IT
m1br31xtcs,FR
01dayfw8pb,NDF
01dayfw8pb,US
01dayfw8pb,IT
01dayfw8pb,FR
01dayfw8pb,GB
01d0rmob25,NDF
01d0rmob25,US
01d0rmob25,GB
01d0rmob25,FR
01d0rmob25,IT
0123a3t7jn,NDF
0123a3t7jn,US
0123a3t7jn,IT
0123a3t7jn,FR
0123a3t7jn,GB
02m32xboxk,NDF
02m32xboxk,US
02m32xboxk,other
02m32xboxk,FR
02m32xboxk,GB
00jbbo26ah,NDF
00jbbo26ah,US
00jbbo26ah,IT
00jbbo26ah,FR
00jbbo26ah,other
dxrd7ohbyi,US
dxrd7ohbyi,NDF
dxrd7ohbyi,other
dxrd7ohbyi,IT
dxrd7ohbyi,FR
ts22zz1fi8,NDF
ts22zz1fi8,other
ts22zz1fi8,US
ts22zz1fi8,IT
ts22zz1fi8,FR
01k7ukdrq8,NDF
01k7ukdrq8,US
01k7ukdrq8,IT
01k7ukdrq8,FR
01k7ukdrq8,GB
0262vs5rv9,US
0262vs5rv9,NDF
0262vs5rv9,GB
0262vs5rv9,FR
0262vs5rv9,other
00dj8as8yl,US
00dj8as8yl,NDF
00dj8as8yl,GB
00dj8as8yl,FR
00dj8as8yl,other
01vm0x5xgu,US
01vm0x5xgu,NDF
01vm0x5xgu,GB
01vm0x5xgu,FR
01vm0x5xgu,other
02iiv5uezr,US
02iiv5uezr,NDF
02iiv5uezr,FR
02iiv5uezr,IT
02iiv5uezr,GB
00eqsrxf1a,NDF
00eqsrxf1a,US
00eqsrxf1a,IT
00eqsrxf1a,FR
00eqsrxf1a,other
02fn9c7olr,NDF
02fn9c7olr,US
02fn9c7olr,other
02fn9c7olr,FR
02fn9c7olr,IT
ldk3imna9h,NDF
ldk3imna9h,US
ldk3imna9h,IT
ldk3imna9h,other
ldk3imna9h,FR
lqtw51b0u3,NDF
lqtw51b0u3,US
lqtw51b0u3,IT
lqtw51b0u3,FR
lqtw51b0u3,GB
015fy89ycb,NDF
015fy89ycb,US
015fy89ycb,GB
015fy89ycb,FR
015fy89ycb,IT
ztxdldlus8,NDF
ztxdldlus8,US
ztxdldlus8,other
ztxdldlus8,GB
ztxdldlus8,IT
00023iyk9l,US
00023iyk9l,NDF
00023iyk9l,GB
00023iyk9l,FR
00023iyk9l,IT
6m7azzr8ni,NDF
6m7azzr8ni,US
6m7azzr8ni,IT
6m7azzr8ni,other
6m7azzr8ni,FR
00q5gbt7y3,NDF
00q5gbt7y3,US
00q5gbt7y3,GB
00q5gbt7y3,IT
00q5gbt7y3,FR
00lmbolz20,NDF
00lmbolz20,US
00lmbolz20,IT
00lmbolz20,FR
00lmbolz20,GB
01t3q8gtl5,NDF
01t3q8gtl5,US
01t3q8gtl5,IT
01t3q8gtl5,FR
01t3q8gtl5,other
3m31z94ttu,NDF
3m31z94ttu,US
3m31z94ttu,other
3m31z94ttu,FR
3m31z94ttu,IT
01lepjs4ob,NDF
01lepjs4ob,US
01lepjs4ob,FR
01lepjs4ob,IT
01lepjs4ob,GB
01m8ip0i8n,NDF
01m8ip0i8n,US
01m8ip0i8n,IT
01m8ip0i8n,FR
01m8ip0i8n,other
kjhi6kvzev,US
kjhi6kvzev,NDF
kjhi6kvzev,other
kjhi6kvzev,IT
kjhi6kvzev,FR
4314xer0z5,NDF
4314xer0z5,US
4314xer0z5,GB
4314xer0z5,FR
4314xer0z5,other
005v5uf4dh,NDF
005v5uf4dh,US
005v5uf4dh,IT
005v5uf4dh,FR
005v5uf4dh,GB
029elfv342,NDF
029elfv342,US
029elfv342,IT
029elfv342,FR
029elfv342,other
36nizlqkok,NDF
36nizlqkok,US
36nizlqkok,GB
36nizlqkok,other
36nizlqkok,IT
00v742bb74,NDF
00v742bb74,US
00v742bb74,IT
00v742bb74,FR
00v742bb74,other
01a4aq3lx5,NDF
01a4aq3lx5,US
01a4aq3lx5,IT
01a4aq3lx5,FR
01a4aq3lx5,other
017hizxm3t,NDF
017hizxm3t,US
017hizxm3t,GB
017hizxm3t,IT
017hizxm3t,FR
02kt8tm26z,NDF
02kt8tm26z,US
02kt8tm26z,IT
02kt8tm26z,FR
02kt8tm26z,other
v5vze1b6rt,US
v5vze1b6rt,NDF
v5vze1b6rt,other
v5vze1b6rt,FR
v5vze1b6rt,IT
01vqtdhket,NDF
01vqtdhket,US
01vqtdhket,IT
01vqtdhket,FR
01vqtdhket,GB
01c9r7ie91,US
01c9r7ie91,NDF
01c9r7ie91,FR
01c9r7ie91,GB
01c9r7ie91,IT
bu5np8bxqx,NDF
bu5np8bxqx,US
bu5np8bxqx,other
bu5np8bxqx,FR
bu5np8bxqx,GB
tgt6p0y8yz,US
tgt6p0y8yz,NDF
tgt6p0y8yz,other
tgt6p0y8yz,FR
tgt6p0y8yz,GB
00epe0uaxo,NDF
00epe0uaxo,US
00epe0uaxo,IT
00epe0uaxo,FR
00epe0uaxo,GB
00urnt6rg8,US
00urnt6rg8,NDF
00urnt6rg8,IT
00urnt6rg8,FR
00urnt6rg8,GB
00mf69gfet,NDF
00mf69gfet,US
00mf69gfet,FR
00mf69gfet,other
00mf69gfet,IT
00raoz1gfp,NDF
00raoz1gfp,US
00raoz1gfp,IT
00raoz1gfp,GB
00raoz1gfp,FR
01sab9628i,NDF
01sab9628i,US
01sab9628i,IT
01sab9628i,FR
01sab9628i,GB
019h7z9hyq,NDF
019h7z9hyq,US
019h7z9hyq,IT
019h7z9hyq,FR
019h7z9hyq,GB
0291diw5cw,US
0291diw5cw,NDF
0291diw5cw,GB
0291diw5cw,FR
0291diw5cw,other
01e5z8uboa,NDF
01e5z8uboa,US
01e5z8uboa,FR
01e5z8uboa,IT
01e5z8uboa,other
018ohg6x31,NDF
018ohg6x31,US
018ohg6x31,IT
018ohg6x31,FR
018ohg6x31,GB
fpdgrcrebh,NDF
fpdgrcrebh,US
fpdgrcrebh,FR
fpdgrcrebh,GB
fpdgrcrebh,IT
01x9xtvnj9,NDF
01x9xtvnj9,US
01x9xtvnj9,other
01x9xtvnj9,FR
01x9xtvnj9,IT
00ycgxqszj,US
00ycgxqszj,NDF
00ycgxqszj,IT
00ycgxqszj,FR
00ycgxqszj,GB
00d41chbjd,NDF
00d41chbjd,US
00d41chbjd,other
00d41chbjd,FR
00d41chbjd,IT
pt9lrx5e07,NDF
pt9lrx5e07,US
pt9lrx5e07,IT
pt9lrx5e07,other
pt9lrx5e07,FR
02ik7t8rkk,US
02ik7t8rkk,NDF
02ik7t8rkk,GB
02ik7t8rkk,IT
02ik7t8rkk,FR
01luupsq2i,NDF
01luupsq2i,US
01luupsq2i,IT
01luupsq2i,FR
01luupsq2i,other
9fwo9ej355,US
9fwo9ej355,NDF
9fwo9ej355,other
9fwo9ej355,IT
9fwo9ej355,FR
0063bawn05,NDF
0063bawn05,US
0063bawn05,IT
0063bawn05,FR
0063bawn05,GB
02qb0auypq,US
02qb0auypq,NDF
02qb0auypq,IT
02qb0auypq,GB
02qb0auypq,FR
018pzk08a1,NDF
018pzk08a1,US
018pzk08a1,IT
018pzk08a1,FR
018pzk08a1,other
00s1ecz3b2,US
00s1ecz3b2,NDF
00s1ecz3b2,GB
00s1ecz3b2,FR
00s1ecz3b2,IT
00uh75242k,NDF
00uh75242k,US
00uh75242k,IT
00uh75242k,FR
00uh75242k,other
0159z3qxdu,NDF
0159z3qxdu,US
0159z3qxdu,IT
0159z3qxdu,FR
0159z3qxdu,GB
006t3vhawl,NDF
006t3vhawl,US
006t3vhawl,GB
006t3vhawl,other
006t3vhawl,FR
01pu2kpp16,NDF
01pu2kpp16,US
01pu2kpp16,IT
01pu2kpp16,FR
01pu2kpp16,GB
eyx5wqi7ma,other
eyx5wqi7ma,NDF
eyx5wqi7ma,US
eyx5wqi7ma,FR
eyx5wqi7ma,IT
011iw8wp1i,NDF
011iw8wp1i,US
011iw8wp1i,IT
011iw8wp1i,FR
011iw8wp1i,GB
00g3pdo41k,NDF
00g3pdo41k,US
00g3pdo41k,IT
00g3pdo41k,FR
00g3pdo41k,GB
d691g89xdu,NDF
d691g89xdu,US
d691g89xdu,IT
d691g89xdu,other
d691g89xdu,FR
0057snrdpu,NDF
0057snrdpu,US
0057snrdpu,IT
0057snrdpu,FR
0057snrdpu,GB
023mzjguit,NDF
023mzjguit,US
023mzjguit,FR
023mzjguit,GB
023mzjguit,IT
01h847y59t,NDF
01h847y59t,US
01h847y59t,IT
01h847y59t,FR
01h847y59t,other
5knfozqgjc,NDF
5knfozqgjc,US
5knfozqgjc,other
5knfozqgjc,FR
5knfozqgjc,IT
tvt6p4zmo5,US
tvt6p4zmo5,NDF
tvt6p4zmo5,other
tvt6p4zmo5,IT
tvt6p4zmo5,GB
01qg7x3r0i,NDF
01qg7x3r0i,US
01qg7x3r0i,IT
01qg7x3r0i,FR
01qg7x3r0i,GB
02a81kpn4e,NDF
02a81kpn4e,US
02a81kpn4e,IT
02a81kpn4e,FR
02a81kpn4e,other
00cdlcsaxu,NDF
00cdlcsaxu,US
00cdlcsaxu,IT
00cdlcsaxu,FR
00cdlcsaxu,GB
017xmi55i2,NDF
017xmi55i2,US
017xmi55i2,IT
017xmi55i2,FR
017xmi55i2,GB
00ye4r0vr2,US
00ye4r0vr2,NDF
00ye4r0vr2,IT
00ye4r0vr2,FR
00ye4r0vr2,other
00kdqzjqmm,NDF
00kdqzjqmm,US
00kdqzjqmm,IT
00kdqzjqmm,FR
00kdqzjqmm,GB
01uqiyywt0,NDF
01uqiyywt0,US
01uqiyywt0,IT
01uqiyywt0,FR
01uqiyywt0,GB
00v3py7ooq,NDF
00v3py7ooq,US
00v3py7ooq,FR
00v3py7ooq,other
00v3py7ooq,IT
wst9obeept,US
wst9obeept,NDF
wst9obeept,other
wst9obeept,FR
wst9obeept,GB
00bxmflswn,NDF
00bxmflswn,US
00bxmflswn,GB
00bxmflswn,FR
00bxmflswn,other
00j0znb0n6,NDF
00j0znb0n6,US
00j0znb0n6,FR
00j0znb0n6,other
00j0znb0n6,IT
01h3bi25td,NDF
01h3bi25td,US
01h3bi25td,FR
01h3bi25td,GB
01h3bi25td,IT
8y3d5alewr,NDF
8y3d5alewr,US
8y3d5alewr,GB
8y3d5alewr,IT
8y3d5alewr,other
01nvbbx1ex,NDF
01nvbbx1ex,US
01nvbbx1ex,IT
01nvbbx1ex,FR
01nvbbx1ex,GB
b7wazbvpcc,NDF
b7wazbvpcc,US
b7wazbvpcc,IT
b7wazbvpcc,GB
b7wazbvpcc,FR
00rri85g49,NDF
00rri85g49,US
00rri85g49,IT
00rri85g49,FR
00rri85g49,GB
2v5rfsgpgn,NDF
2v5rfsgpgn,US
2v5rfsgpgn,GB
2v5rfsgpgn,IT
2v5rfsgpgn,FR
02mt1crsnv,NDF
02mt1crsnv,US
02mt1crsnv,GB
02mt1crsnv,FR
02mt1crsnv,other
003iamz20l,NDF
003iamz20l,US
003iamz20l,IT
003iamz20l,FR
003iamz20l,GB
01rxy1cqen,NDF
01rxy1cqen,US
01rxy1cqen,FR
01rxy1cqen,other
01rxy1cqen,GB
00bowi9sn3,NDF
00bowi9sn3,US
00bowi9sn3,FR
00bowi9sn3,GB
00bowi9sn3,IT
0031awlkjq,NDF
0031awlkjq,US
0031awlkjq,IT
0031awlkjq,FR
0031awlkjq,other
01y0pr4z4m,NDF
01y0pr4z4m,US
01y0pr4z4m,FR
01y0pr4z4m,other
01y0pr4z4m,GB
t6xd26cmn5,NDF
t6xd26cmn5,US
t6xd26cmn5,IT
t6xd26cmn5,other
t6xd26cmn5,GB
02n7m15h1g,NDF
02n7m15h1g,US
02n7m15h1g,IT
02n7m15h1g,FR
02n7m15h1g,other
00e8bokexa,NDF
00e8bokexa,US
00e8bokexa,IT
00e8bokexa,FR
00e8bokexa,GB
01mc83wvzb,NDF
01mc83wvzb,US
01mc83wvzb,FR
01mc83wvzb,other
01mc83wvzb,IT
00m6r72cz5,NDF
00m6r72cz5,US
00m6r72cz5,FR
00m6r72cz5,other
00m6r72cz5,GB
019rnywata,NDF
019rnywata,US
019rnywata,GB
019rnywata,FR
019rnywata,IT
00ep2pem90,NDF
00ep2pem90,US
00ep2pem90,FR
00ep2pem90,GB
00ep2pem90,IT
002qnbzfs5,NDF
002qnbzfs5,US
002qnbzfs5,IT
002qnbzfs5,FR
002qnbzfs5,GB
00cyqikqy3,US
00cyqikqy3,NDF
00cyqikqy3,IT
00cyqikqy3,FR
00cyqikqy3,GB
oe02h0v8sl,NDF
oe02h0v8sl,other
oe02h0v8sl,US
oe02h0v8sl,FR
oe02h0v8sl,IT
0103eppomz,NDF
0103eppomz,US
0103eppomz,IT
0103eppomz,FR
0103eppomz,GB
02ecq5h910,US
02ecq5h910,NDF
02ecq5h910,IT
02ecq5h910,FR
02ecq5h910,GB
a9v2dkk2to,NDF
a9v2dkk2to,US
a9v2dkk2to,IT
a9v2dkk2to,other
a9v2dkk2to,FR
fusxzi75i8,NDF
fusxzi75i8,US
fusxzi75i8,IT
fusxzi75i8,other
fusxzi75i8,FR
cq9ikmaimw,NDF
cq9ikmaimw,US
cq9ikmaimw,other
cq9ikmaimw,IT
cq9ikmaimw,FR
005jc3nbmb,US
005jc3nbmb,NDF
005jc3nbmb,GB
005jc3nbmb,FR
005jc3nbmb,other
01vcdymtdm,NDF
01vcdymtdm,US
01vcdymtdm,IT
01vcdymtdm,FR
01vcdymtdm,GB
in2q4dagkd,NDF
in2q4dagkd,US
in2q4dagkd,IT
in2q4dagkd,other
in2q4dagkd,FR
02mz7mbybi,NDF
02mz7mbybi,US
02mz7mbybi,IT
02mz7mbybi,FR
02mz7mbybi,GB
01jpu3s93u,NDF
01jpu3s93u,US
01jpu3s93u,IT
01jpu3s93u,FR
01jpu3s93u,GB
01y7vkmqv1,NDF
01y7vkmqv1,US
01y7vkmqv1,IT
01y7vkmqv1,FR
01y7vkmqv1,other
00rhdi533j,NDF
00rhdi533j,US
00rhdi533j,other
00rhdi533j,FR
00rhdi533j,GB
2xzgvkchqf,NDF
2xzgvkchqf,US
2xzgvkchqf,IT
2xzgvkchqf,GB
2xzgvkchqf,FR
lba7wwfaz5,NDF
lba7wwfaz5,US
lba7wwfaz5,other
lba7wwfaz5,IT
lba7wwfaz5,FR
00fhpdik5t,US
00fhpdik5t,NDF
00fhpdik5t,other
00fhpdik5t,IT
00fhpdik5t,FR
oweojhd0mt,NDF
oweojhd0mt,US
oweojhd0mt,other
oweojhd0mt,GB
oweojhd0mt,IT
01cj73ax7u,US
01cj73ax7u,NDF
01cj73ax7u,IT
01cj73ax7u,FR
01cj73ax7u,GB
pd22h2f8j9,NDF
pd22h2f8j9,US
pd22h2f8j9,IT
pd22h2f8j9,GB
pd22h2f8j9,other
02j260ssrf,NDF
02j260ssrf,US
02j260ssrf,IT
02j260ssrf,FR
02j260ssrf,GB
jkoj42bqp6,NDF
jkoj42bqp6,US
jkoj42bqp6,IT
jkoj42bqp6,other
jkoj42bqp6,GB
01wlak3qqf,NDF
01wlak3qqf,US
01wlak3qqf,IT
01wlak3qqf,FR
01wlak3qqf,GB
026vkxnrk4,NDF
026vkxnrk4,US
026vkxnrk4,FR
026vkxnrk4,GB
026vkxnrk4,IT
mc2wl57bdb,US
mc2wl57bdb,other
mc2wl57bdb,NDF
mc2wl57bdb,FR
mc2wl57bdb,IT
00c8w2zol1,NDF
00c8w2zol1,US
00c8w2zol1,IT
00c8w2zol1,FR
00c8w2zol1,GB
01l0vcvuks,NDF
01l0vcvuks,US
01l0vcvuks,IT
01l0vcvuks,FR
01l0vcvuks,GB
y0rvhuui7p,NDF
y0rvhuui7p,US
y0rvhuui7p,other
y0rvhuui7p,GB
y0rvhuui7p,FR
01188d2ec6,NDF
01188d2ec6,US
01188d2ec6,FR
01188d2ec6,other
01188d2ec6,GB
00imb14nx5,NDF
00imb14nx5,US
00imb14nx5,IT
00imb14nx5,FR
00imb14nx5,GB
01kv2ppj25,NDF
01kv2ppj25,US
01kv2ppj25,FR
01kv2ppj25,other
01kv2ppj25,GB
00zmemwtfc,US
00zmemwtfc,NDF
00zmemwtfc,FR
00zmemwtfc,other
00zmemwtfc,IT
01b1nq2bd3,NDF
01b1nq2bd3,US
01b1nq2bd3,IT
01b1nq2bd3,FR
01b1nq2bd3,GB
01r3iatdvv,US
01r3iatdvv,NDF
01r3iatdvv,IT
01r3iatdvv,FR
01r3iatdvv,other
0162c7s9xo,US
0162c7s9xo,NDF
0162c7s9xo,IT
0162c7s9xo,FR
0162c7s9xo,GB
m88pm3ris6,NDF
m88pm3ris6,US
m88pm3ris6,FR
m88pm3ris6,IT
m88pm3ris6,GB
01w5zolph1,NDF
01w5zolph1,US
01w5zolph1,IT
01w5zolph1,FR
01w5zolph1,other
b3v2od4bfm,NDF
b3v2od4bfm,US
b3v2od4bfm,IT
b3v2od4bfm,FR
b3v2od4bfm,other
kvhzlsmfbl,US
kvhzlsmfbl,NDF
kvhzlsmfbl,IT
kvhzlsmfbl,other
kvhzlsmfbl,FR
01ez9tkx4j,US
01ez9tkx4j,NDF
01ez9tkx4j,GB
01ez9tkx4j,other
01ez9tkx4j,FR
0035hobuyj,NDF
0035hobuyj,US
0035hobuyj,other
0035hobuyj,GB
0035hobuyj,FR
02q0ty05cd,NDF
02q0ty05cd,US
02q0ty05cd,IT
02q0ty05cd,FR
02q0ty05cd,GB
02eegxrmj7,NDF
02eegxrmj7,US
02eegxrmj7,IT
02eegxrmj7,FR
02eegxrmj7,GB
00jcwpqbl2,NDF
00jcwpqbl2,US
00jcwpqbl2,IT
00jcwpqbl2,FR
00jcwpqbl2,GB
02cge47jti,NDF
02cge47jti,US
02cge47jti,IT
02cge47jti,FR
02cge47jti,GB
01zm75r23f,NDF
01zm75r23f,US
01zm75r23f,IT
01zm75r23f,FR
01zm75r23f,GB
13ce1ufozn,NDF
13ce1ufozn,US
13ce1ufozn,IT
13ce1ufozn,other
13ce1ufozn,FR
0101qa70hh,NDF
0101qa70hh,US
0101qa70hh,IT
0101qa70hh,FR
0101qa70hh,other
001wyh0pz8,NDF
001wyh0pz8,US
001wyh0pz8,IT
001wyh0pz8,FR
001wyh0pz8,other
yw3z8fqx2d,US
yw3z8fqx2d,NDF
yw3z8fqx2d,FR
yw3z8fqx2d,IT
yw3z8fqx2d,other
025sv1949e,US
025sv1949e,NDF
025sv1949e,GB
025sv1949e,FR
025sv1949e,IT
00g52q8uim,US
00g52q8uim,NDF
00g52q8uim,FR
00g52q8uim,other
00g52q8uim,IT
029q92mbfc,NDF
029q92mbfc,US
029q92mbfc,FR
029q92mbfc,other
029q92mbfc,IT
006z8b0uws,NDF
006z8b0uws,US
006z8b0uws,IT
006z8b0uws,FR
006z8b0uws,GB
01p5c8u6uu,NDF
01p5c8u6uu,US
01p5c8u6uu,IT
01p5c8u6uu,FR
01p5c8u6uu,GB
02ba36r0nc,NDF
02ba36r0nc,US
02ba36r0nc,FR
02ba36r0nc,IT
02ba36r0nc,GB
1oayq6aku8,NDF
1oayq6aku8,US
1oayq6aku8,GB
1oayq6aku8,other
1oayq6aku8,IT
8k255ap23d,NDF
8k255ap23d,US
8k255ap23d,GB
8k255ap23d,other
8k255ap23d,IT
02asl3rrf6,NDF
02asl3rrf6,US
02asl3rrf6,IT
02asl3rrf6,FR
02asl3rrf6,other
htfmsywsai,NDF
htfmsywsai,US
htfmsywsai,other
htfmsywsai,IT
htfmsywsai,FR
00ycccvlbm,NDF
00ycccvlbm,US
00ycccvlbm,IT
00ycccvlbm,FR
00ycccvlbm,GB
022tctcqid,US
022tctcqid,NDF
022tctcqid,FR
022tctcqid,other
022tctcqid,GB
02mmcmyxg7,NDF
02mmcmyxg7,US
02mmcmyxg7,GB
02mmcmyxg7,IT
02mmcmyxg7,FR
01416gkt5f,NDF
01416gkt5f,US
01416gkt5f,IT
01416gkt5f,FR
01416gkt5f,GB
017rmzerma,NDF
017rmzerma,US
017rmzerma,IT
017rmzerma,other
017rmzerma,FR
01l5gtpaww,NDF
01l5gtpaww,US
01l5gtpaww,IT
01l5gtpaww,FR
01l5gtpaww,GB
0171cgdh5r,NDF
0171cgdh5r,US
0171cgdh5r,FR
0171cgdh5r,IT
0171cgdh5r,GB
00du2h6jcx,NDF
00du2h6jcx,US
00du2h6jcx,IT
00du2h6jcx,FR
00du2h6jcx,GB
012arqz80g,NDF
012arqz80g,US
012arqz80g,IT
012arqz80g,FR
012arqz80g,GB
5wk7cqgeww,NDF
5wk7cqgeww,US
5wk7cqgeww,IT
5wk7cqgeww,other
5wk7cqgeww,FR
0204hiia1e,NDF
0204hiia1e,US
0204hiia1e,IT
0204hiia1e,FR
0204hiia1e,other
02g9duq4ga,US
02g9duq4ga,NDF
02g9duq4ga,GB
02g9duq4ga,other
02g9duq4ga,FR
02708gikhn,NDF
02708gikhn,US
02708gikhn,FR
02708gikhn,other
02708gikhn,GB
02havb7pzy,NDF
02havb7pzy,US
02havb7pzy,IT
02havb7pzy,FR
02havb7pzy,GB
5gfvgfezs6,NDF
5gfvgfezs6,US
5gfvgfezs6,other
5gfvgfezs6,FR
5gfvgfezs6,IT
ysy9p1h4d6,US
ysy9p1h4d6,NDF
ysy9p1h4d6,other
ysy9p1h4d6,IT
ysy9p1h4d6,FR
02im2ohths,NDF
02im2ohths,US
02im2ohths,IT
02im2ohths,FR
02im2ohths,GB
019m4zvzgn,US
019m4zvzgn,NDF
019m4zvzgn,FR
019m4zvzgn,other
019m4zvzgn,IT
01nq1sjufy,NDF
01nq1sjufy,US
01nq1sjufy,FR
01nq1sjufy,GB
01nq1sjufy,IT
rr7z2qz1px,NDF
rr7z2qz1px,US
rr7z2qz1px,FR
rr7z2qz1px,GB
rr7z2qz1px,other
00s4r7wk7c,NDF
00s4r7wk7c,US
00s4r7wk7c,IT
00s4r7wk7c,FR
00s4r7wk7c,GB
00nd20ya9v,NDF
00nd20ya9v,US
00nd20ya9v,FR
00nd20ya9v,other
00nd20ya9v,GB
hiiri39noh,NDF
hiiri39noh,US
hiiri39noh,IT
hiiri39noh,other
hiiri39noh,GB
01azaxsab3,NDF
01azaxsab3,US
01azaxsab3,FR
01azaxsab3,GB
01azaxsab3,other
0010k6l0om,NDF
0010k6l0om,US
0010k6l0om,IT
0010k6l0om,FR
0010k6l0om,GB
01prgm98hp,NDF
01prgm98hp,US
01prgm98hp,IT
01prgm98hp,FR
01prgm98hp,GB
mlyz9315jk,NDF
mlyz9315jk,US
mlyz9315jk,other
mlyz9315jk,IT
mlyz9315jk,FR
6z2rvtzvp6,NDF
6z2rvtzvp6,US
6z2rvtzvp6,GB
6z2rvtzvp6,IT
6z2rvtzvp6,other
01imhrckdb,NDF
01imhrckdb,US
01imhrckdb,GB
01imhrckdb,FR
01imhrckdb,other
01fg7p4sw4,US
01fg7p4sw4,NDF
01fg7p4sw4,other
01fg7p4sw4,FR
01fg7p4sw4,IT
goi4xvsfr6,NDF
goi4xvsfr6,US
goi4xvsfr6,IT
goi4xvsfr6,FR
goi4xvsfr6,other
021h9b5hoe,NDF
021h9b5hoe,US
021h9b5hoe,GB
021h9b5hoe,FR
021h9b5hoe,IT
ayzesgt138,NDF
ayzesgt138,US
ayzesgt138,IT
ayzesgt138,other
ayzesgt138,FR
01bkwy6yj6,NDF
01bkwy6yj6,US
01bkwy6yj6,GB
01bkwy6yj6,FR
01bkwy6yj6,IT
01qvb6ufnz,NDF
01qvb6ufnz,US
01qvb6ufnz,other
01qvb6ufnz,FR
01qvb6ufnz,IT
019mc8biwf,NDF
019mc8biwf,US
019mc8biwf,IT
019mc8biwf,FR
019mc8biwf,other
01dq5wt9wi,NDF
01dq5wt9wi,US
01dq5wt9wi,IT
01dq5wt9wi,FR
01dq5wt9wi,other
00iapy7gb3,US
00iapy7gb3,NDF
00iapy7gb3,IT
00iapy7gb3,FR
00iapy7gb3,other
4nmf77dlpb,NDF
4nmf77dlpb,US
4nmf77dlpb,IT
4nmf77dlpb,GB
4nmf77dlpb,FR
02lwrezgcg,NDF
02lwrezgcg,US
02lwrezgcg,FR
02lwrezgcg,GB
02lwrezgcg,other
01toc3l9y5,NDF
01toc3l9y5,US
01toc3l9y5,IT
01toc3l9y5,GB
01toc3l9y5,FR
26io5f2u6v,NDF
26io5f2u6v,US
26io5f2u6v,other
26io5f2u6v,FR
26io5f2u6v,IT
qk351gs83w,NDF
qk351gs83w,US
qk351gs83w,IT
qk351gs83w,FR
qk351gs83w,other
02fmcylrlm,NDF
02fmcylrlm,US
02fmcylrlm,IT
02fmcylrlm,other
02fmcylrlm,FR
02c9qrqjjj,NDF
02c9qrqjjj,US
02c9qrqjjj,IT
02c9qrqjjj,GB
02c9qrqjjj,FR
cscrcqwm7a,US
cscrcqwm7a,NDF
cscrcqwm7a,other
cscrcqwm7a,FR
cscrcqwm7a,GB
01mlkg3zzo,NDF
01mlkg3zzo,US
01mlkg3zzo,IT
01mlkg3zzo,FR
01mlkg3zzo,other
01p3ynmfs7,US
01p3ynmfs7,NDF
01p3ynmfs7,FR
01p3ynmfs7,GB
01p3ynmfs7,other
01fwvwj7ty,US
01fwvwj7ty,NDF
01fwvwj7ty,FR
01fwvwj7ty,other
01fwvwj7ty,GB
020qjhjqe8,US
020qjhjqe8,NDF
020qjhjqe8,GB
020qjhjqe8,FR
020qjhjqe8,IT
01vn1up05f,NDF
01vn1up05f,US
01vn1up05f,GB
01vn1up05f,FR
01vn1up05f,IT
ttx9xmhaok,NDF
ttx9xmhaok,US
ttx9xmhaok,other
ttx9xmhaok,IT
ttx9xmhaok,FR
jztko52t8m,US
jztko52t8m,NDF
jztko52t8m,IT
jztko52t8m,other
jztko52t8m,FR
00ri3ux25n,NDF
00ri3ux25n,US
00ri3ux25n,FR
00ri3ux25n,GB
00ri3ux25n,IT
p8cwos3c27,NDF
p8cwos3c27,US
p8cwos3c27,IT
p8cwos3c27,GB
p8cwos3c27,other
02bt4nuqa7,US
02bt4nuqa7,NDF
02bt4nuqa7,FR
02bt4nuqa7,GB
02bt4nuqa7,other
010u9xtmry,US
010u9xtmry,NDF
010u9xtmry,FR
010u9xtmry,other
010u9xtmry,IT
1jjmu5pnov,NDF
1jjmu5pnov,US
1jjmu5pnov,other
1jjmu5pnov,IT
1jjmu5pnov,FR
00ipxpr25h,NDF
00ipxpr25h,US
00ipxpr25h,other
00ipxpr25h,FR
00ipxpr25h,IT
ycsnen4f3d,NDF
ycsnen4f3d,US
ycsnen4f3d,IT
ycsnen4f3d,other
ycsnen4f3d,GB
zvoz9p60vk,NDF
zvoz9p60vk,US
zvoz9p60vk,GB
zvoz9p60vk,IT
zvoz9p60vk,other
02j4ylsh0c,NDF
02j4ylsh0c,US
02j4ylsh0c,FR
02j4ylsh0c,IT
02j4ylsh0c,GB
00fyswof3k,NDF
00fyswof3k,US
00fyswof3k,IT
00fyswof3k,FR
00fyswof3k,other
0174n9s5zb,NDF
0174n9s5zb,US
0174n9s5zb,IT
0174n9s5zb,FR
0174n9s5zb,other
00an0o6c07,NDF
00an0o6c07,US
00an0o6c07,IT
00an0o6c07,FR
00an0o6c07,GB
021vzwpa8w,NDF
021vzwpa8w,US
021vzwpa8w,IT
021vzwpa8w,FR
021vzwpa8w,other
01p6v22cpv,US
01p6v22cpv,NDF
01p6v22cpv,IT
01p6v22cpv,FR
01p6v22cpv,other
ge5gaopx41,NDF
ge5gaopx41,US
ge5gaopx41,IT
ge5gaopx41,FR
ge5gaopx41,other
00cu8ilsh0,US
00cu8ilsh0,NDF
00cu8ilsh0,GB
00cu8ilsh0,FR
00cu8ilsh0,IT
015wz0i7jm,NDF
015wz0i7jm,US
015wz0i7jm,IT
015wz0i7jm,FR
015wz0i7jm,GB
01dh30zqjd,NDF
01dh30zqjd,US
01dh30zqjd,IT
01dh30zqjd,FR
01dh30zqjd,other
424ysf3naw,US
424ysf3naw,NDF
424ysf3naw,other
424ysf3naw,FR
424ysf3naw,IT
0283egj0y1,US
0283egj0y1,NDF
0283egj0y1,FR
0283egj0y1,IT
0283egj0y1,other
00bqkh0g5i,NDF
00bqkh0g5i,US
00bqkh0g5i,IT
00bqkh0g5i,FR
00bqkh0g5i,GB
00j993htr2,US
00j993htr2,NDF
00j993htr2,GB
00j993htr2,other
00j993htr2,FR
00gpn5xx7t,NDF
00gpn5xx7t,US
00gpn5xx7t,IT
00gpn5xx7t,FR
00gpn5xx7t,GB
00kpv7ok66,NDF
00kpv7ok66,US
00kpv7ok66,IT
00kpv7ok66,FR
00kpv7ok66,other
3chm0u9b94,NDF
3chm0u9b94,US
3chm0u9b94,IT
3chm0u9b94,other
3chm0u9b94,FR
02de4s2hih,NDF
02de4s2hih,US
02de4s2hih,IT
02de4s2hih,FR
02de4s2hih,other
026a0etyle,NDF
026a0etyle,US
026a0etyle,FR
026a0etyle,other
026a0etyle,GB
009a40t3dk,US
009a40t3dk,NDF
009a40t3dk,IT
009a40t3dk,GB
009a40t3dk,FR
01y7ip21qv,NDF
01y7ip21qv,US
01y7ip21qv,FR
01y7ip21qv,other
01y7ip21qv,GB
01dh6l1e0v,NDF
01dh6l1e0v,US
01dh6l1e0v,IT
01dh6l1e0v,FR
01dh6l1e0v,GB
022m8al7xx,US
022m8al7xx,NDF
022m8al7xx,IT
022m8al7xx,FR
022m8al7xx,other
wkdyc08g5s,US
wkdyc08g5s,NDF
wkdyc08g5s,IT
wkdyc08g5s,FR
wkdyc08g5s,other
02ce32w92h,NDF
02ce32w92h,US
02ce32w92h,FR
02ce32w92h,GB
02ce32w92h,other
33myx7qqju,NDF
33myx7qqju,US
33myx7qqju,IT
33myx7qqju,other
33myx7qqju,FR
01txi6fdmp,NDF
01txi6fdmp,US
01txi6fdmp,GB
01txi6fdmp,IT
01txi6fdmp,FR
0oxezep1dg,NDF
0oxezep1dg,US
0oxezep1dg,other
0oxezep1dg,FR
0oxezep1dg,IT
007gj7kqdk,US
007gj7kqdk,NDF
007gj7kqdk,GB
007gj7kqdk,IT
007gj7kqdk,FR
01pf0x59hw,NDF
01pf0x59hw,US
01pf0x59hw,IT
01pf0x59hw,FR
01pf0x59hw,GB
01r1jwa1bt,NDF
01r1jwa1bt,US
01r1jwa1bt,IT
01r1jwa1bt,FR
01r1jwa1bt,GB
3pz1bo2knt,NDF
3pz1bo2knt,US
3pz1bo2knt,other
3pz1bo2knt,GB
3pz1bo2knt,FR
01y5ghkbcn,NDF
01y5ghkbcn,US
01y5ghkbcn,FR
01y5ghkbcn,IT
01y5ghkbcn,GB
02pvwhxx93,NDF
02pvwhxx93,US
02pvwhxx93,GB
02pvwhxx93,FR
02pvwhxx93,other
moqka236p0,NDF
moqka236p0,US
moqka236p0,FR
moqka236p0,IT
moqka236p0,GB
ej9uejicgk,NDF
ej9uejicgk,US
ej9uejicgk,other
ej9uejicgk,GB
ej9uejicgk,IT
01bgo63nhd,NDF
01bgo63nhd,US
01bgo63nhd,FR
01bgo63nhd,other
01bgo63nhd,IT
4f5nj3p8lf,US
4f5nj3p8lf,NDF
4f5nj3p8lf,other
4f5nj3p8lf,IT
4f5nj3p8lf,FR
ee5jz6atny,NDF
ee5jz6atny,US
ee5jz6atny,IT
ee5jz6atny,GB
ee5jz6atny,other
01wt0ipfjy,NDF
01wt0ipfjy,US
01wt0ipfjy,FR
01wt0ipfjy,IT
01wt0ipfjy,other
01ew44r315,NDF
01ew44r315,US
01ew44r315,IT
01ew44r315,FR
01ew44r315,other
01j8386d5o,US
01j8386d5o,NDF
01j8386d5o,IT
01j8386d5o,FR
01j8386d5o,GB
0048rkdgb1,NDF
0048rkdgb1,US
0048rkdgb1,IT
0048rkdgb1,FR
0048rkdgb1,GB
02qfbyaf6w,NDF
02qfbyaf6w,US
02qfbyaf6w,IT
02qfbyaf6w,FR
02qfbyaf6w,GB
00zfq9bobc,US
00zfq9bobc,NDF
00zfq9bobc,FR
00zfq9bobc,GB
00zfq9bobc,other
021jjbvslg,NDF
021jjbvslg,US
021jjbvslg,IT
021jjbvslg,FR
021jjbvslg,GB
zcwjun5hm3,NDF
zcwjun5hm3,US
zcwjun5hm3,IT
zcwjun5hm3,other
zcwjun5hm3,GB
jbvxp535x5,US
jbvxp535x5,NDF
jbvxp535x5,GB
jbvxp535x5,other
jbvxp535x5,IT
wzxz58hifk,NDF
wzxz58hifk,US
wzxz58hifk,IT
wzxz58hifk,GB
wzxz58hifk,other
yfkeydhsgh,NDF
yfkeydhsgh,US
yfkeydhsgh,IT
yfkeydhsgh,other
yfkeydhsgh,FR
00qhpquukc,NDF
00qhpquukc,US
00qhpquukc,GB
00qhpquukc,IT
00qhpquukc,FR
00rc560l5d,NDF
00rc560l5d,US
00rc560l5d,IT
00rc560l5d,FR
00rc560l5d,GB
02ncc0ecqf,NDF
02ncc0ecqf,US
02ncc0ecqf,FR
02ncc0ecqf,GB
02ncc0ecqf,other
01hwxjvgv9,NDF
01hwxjvgv9,US
01hwxjvgv9,IT
01hwxjvgv9,FR
01hwxjvgv9,other
c95hrb9ro8,NDF
c95hrb9ro8,US
c95hrb9ro8,GB
c95hrb9ro8,IT
c95hrb9ro8,other
02k8wrwgnu,NDF
02k8wrwgnu,US
02k8wrwgnu,IT
02k8wrwgnu,FR
02k8wrwgnu,other
62tvgdqy0t,NDF
62tvgdqy0t,US
62tvgdqy0t,IT
62tvgdqy0t,other
62tvgdqy0t,GB
38liz51m0g,NDF
38liz51m0g,US
38liz51m0g,other
38liz51m0g,FR
38liz51m0g,IT
sapbs8kqqq,US
sapbs8kqqq,NDF
sapbs8kqqq,other
sapbs8kqqq,IT
sapbs8kqqq,FR
01isr5pepu,NDF
01isr5pepu,US
01isr5pepu,FR
01isr5pepu,IT
01isr5pepu,other
01w22yhf78,NDF
01w22yhf78,US
01w22yhf78,IT
01w22yhf78,FR
01w22yhf78,other
l0ki5k56b5,NDF
l0ki5k56b5,US
l0ki5k56b5,IT
l0ki5k56b5,other
l0ki5k56b5,FR
50uaztkdgx,US
50uaztkdgx,NDF
50uaztkdgx,other
50uaztkdgx,IT
50uaztkdgx,FR
02g0fo4l82,NDF
02g0fo4l82,US
02g0fo4l82,IT
02g0fo4l82,FR
02g0fo4l82,other
00u60lmz9p,NDF
00u60lmz9p,US
00u60lmz9p,IT
00u60lmz9p,FR
00u60lmz9p,GB
19fxbzc810,US
19fxbzc810,NDF
19fxbzc810,other
19fxbzc810,IT
19fxbzc810,FR
01o9c11yqp,NDF
01o9c11yqp,US
01o9c11yqp,GB
01o9c11yqp,IT
01o9c11yqp,FR
01khid4m8b,NDF
01khid4m8b,US
01khid4m8b,FR
01khid4m8b,GB
01khid4m8b,IT
01abo5ge4d,US
01abo5ge4d,NDF
01abo5ge4d,IT
01abo5ge4d,FR
01abo5ge4d,GB
00a8dbifj8,NDF
00a8dbifj8,US
00a8dbifj8,other
00a8dbifj8,IT
00a8dbifj8,FR
00b9hfwaak,NDF
00b9hfwaak,US
00b9hfwaak,GB
00b9hfwaak,FR
00b9hfwaak,other
01xw5fkmyq,NDF
01xw5fkmyq,US
01xw5fkmyq,IT
01xw5fkmyq,FR
01xw5fkmyq,GB
00lglrzikw,NDF
00lglrzikw,US
00lglrzikw,other
00lglrzikw,FR
00lglrzikw,GB
006ml14zc1,US
006ml14zc1,NDF
006ml14zc1,GB
006ml14zc1,FR
006ml14zc1,other
cub22olfkt,NDF
cub22olfkt,US
cub22olfkt,IT
cub22olfkt,other
cub22olfkt,FR
00bn6hu437,US
00bn6hu437,NDF
00bn6hu437,GB
00bn6hu437,other
00bn6hu437,FR
00fn6wu77e,US
00fn6wu77e,NDF
00fn6wu77e,IT
00fn6wu77e,FR
00fn6wu77e,GB
izsytihvwp,NDF
izsytihvwp,US
izsytihvwp,other
izsytihvwp,IT
izsytihvwp,FR
00od2fx9cx,NDF
00od2fx9cx,US
00od2fx9cx,IT
00od2fx9cx,FR
00od2fx9cx,GB
u4liikoj5v,NDF
u4liikoj5v,US
u4liikoj5v,IT
u4liikoj5v,other
u4liikoj5v,GB
02oc9de1sl,NDF
02oc9de1sl,US
02oc9de1sl,IT
02oc9de1sl,FR
02oc9de1sl,GB
021hmh1f5i,US
021hmh1f5i,NDF
021hmh1f5i,GB
021hmh1f5i,IT
021hmh1f5i,FR
fy2v11yhmh,NDF
fy2v11yhmh,US
fy2v11yhmh,IT
fy2v11yhmh,other
fy2v11yhmh,FR
00378ocvlh,NDF
00378ocvlh,US
00378ocvlh,FR
00378ocvlh,GB
00378ocvlh,other
01exzqnc72,NDF
01exzqnc72,US
01exzqnc72,IT
01exzqnc72,FR
01exzqnc72,other
00tol0jq6b,NDF
00tol0jq6b,US
00tol0jq6b,IT
00tol0jq6b,FR
00tol0jq6b,GB
dnc50w2nk0,NDF
dnc50w2nk0,US
dnc50w2nk0,other
dnc50w2nk0,IT
dnc50w2nk0,GB
wiapuaw6rj,NDF
wiapuaw6rj,US
wiapuaw6rj,other
wiapuaw6rj,IT
wiapuaw6rj,GB
024ata8x3d,NDF
024ata8x3d,US
024ata8x3d,FR
024ata8x3d,other
024ata8x3d,GB
kdva7e21ta,NDF
kdva7e21ta,US
kdva7e21ta,IT
kdva7e21ta,other
kdva7e21ta,FR
q5vocgkikx,NDF
q5vocgkikx,US
q5vocgkikx,FR
q5vocgkikx,GB
q5vocgkikx,IT
02k49wa6hr,NDF
02k49wa6hr,IT
02k49wa6hr,US
02k49wa6hr,other
02k49wa6hr,FR
d19iw2o96s,US
d19iw2o96s,other
d19iw2o96s,NDF
d19iw2o96s,IT
d19iw2o96s,FR
5odd8fkehn,US
5odd8fkehn,NDF
5odd8fkehn,IT
5odd8fkehn,other
5odd8fkehn,FR
02kb36zdhj,US
02kb36zdhj,NDF
02kb36zdhj,other
02kb36zdhj,FR
02kb36zdhj,GB
01rhnp842p,NDF
01rhnp842p,US
01rhnp842p,GB
01rhnp842p,FR
01rhnp842p,IT
0tc2pld50w,NDF
0tc2pld50w,US
0tc2pld50w,GB
0tc2pld50w,IT
0tc2pld50w,other
01b38fp04a,US
01b38fp04a,NDF
01b38fp04a,FR
01b38fp04a,other
01b38fp04a,GB
01fw2lvx95,NDF
01fw2lvx95,US
01fw2lvx95,GB
01fw2lvx95,FR
01fw2lvx95,IT
00pnmrr9y4,NDF
00pnmrr9y4,US
00pnmrr9y4,FR
00pnmrr9y4,IT
00pnmrr9y4,other
02dhda2kmg,NDF
02dhda2kmg,US
02dhda2kmg,FR
02dhda2kmg,other
02dhda2kmg,IT
00e4nxhdvv,NDF
00e4nxhdvv,US
00e4nxhdvv,FR
00e4nxhdvv,other
00e4nxhdvv,IT
